
> react-vite-tailwind@0.0.0 build
> vite build

node.exe : 'vite' is not 
recognized as an internal 
or external command,
At C:\Program 
Files\nodejs\npm.ps1:29 
char:3
+   & $NODE_EXE 
$NPM_CLI_JS $args
+   ~~~~~~~~~~~~~~~~~~~~~~
~~~~~~~
    + CategoryInfo        
      : NotSpecified: ('  
  vite' is not r...tern   
 al command,:String) [    
], RemoteException
    + FullyQualifiedError 
   Id : NativeCommandErr  
  or
 
operable program or batch 
file.
