src/App.tsx(3,14): error TS6133: 'TrendingUp' is declared but its value is never read.
src/App.tsx(3,26): error TS6133: 'TrendingDown' is declared but its value is never read.
src/App.tsx(3,55): error TS6133: 'Zap' is declared but its value is never read.
src/App.tsx(4,31): error TS6133: 'Activity' is declared but its value is never read.
src/App.tsx(4,41): error TS6133: 'BarChart3' is declared but its value is never read.
src/App.tsx(4,52): error TS6133: 'ExternalLink' is declared but its value is never read.
src/App.tsx(5,68): error TS6133: 'Send' is declared but its value is never read.
src/App.tsx(7,45): error TS2305: Module '"./api/dataService"' has no exported member 'fetchTrendingCoins'.
src/App.tsx(7,45): error TS6133: 'fetchTrendingCoins' is declared but its value is never read.
src/App.tsx(7,91): error TS6133: 'pushInternalArticle' is declared but its value is never read.
src/App.tsx(7,112): error TS6133: 'getInternalArticles' is declared but its value is never read.
src/App.tsx(7,133): error TS6133: 'fetchRedditData' is declared but its value is never read.
src/App.tsx(77,56): error TS6133: 'lastUpdated' is declared but its value is never read.
