src/App.tsx(6,3): error TS2305: Module '"lucide-react"' has no exported member 'Twitter'.
src/App.tsx(6,12): error TS2305: Module '"lucide-react"' has no exported member 'Github'.
